Microchip MPLAB XC8 Compiler V1.31 ()

Linker command line:

--edf=C:\Program Files (x86)\Microchip\xc8\v1.31\dat\en_msgs.txt -cs \
  -h+dist/default/production\Projeto1XC8.X.production.sym \
  --cmf=dist/default/production\Projeto1XC8.X.production.cmf -z -Q18F4550 \
  -oC:\Users\Sandro\AppData\Local\Temp\s330.6 \
  -Mdist/default/production/Projeto1XC8.X.production.map -E1 -ver=XC8 \
  -ASTACK=0BBh-07ffh -pstack=STACK \
  -ACODE=01000h-01005h,01008h-01015h,01018h-07FFFh \
  -ACONST=01000h-01005h,01008h-01015h,01018h-07FFFh \
  -ASMALLCONST=01000h-01005h,01008h-01015h,01018h-010FFh,01100h-011FFhx111 \
  -AMEDIUMCONST=01000h-01005h,01008h-01015h,01018h-07FFFh -ACOMRAM=01h-05Fh \
  -AABS1=00h-07FFh -ABIGRAM=01h-07FFh -ARAM=060h-0FFh,0100h-01FFhx7 \
  -ABANK0=060h-0FFh -ABANK1=0100h-01FFh -ABANK2=0200h-02FFh \
  -ABANK3=0300h-03FFh -ABANK4=0400h-04FFh -ABANK5=0500h-05FFh \
  -ABANK6=0600h-06FFh -ABANK7=0700h-07FFh -ASFR=0F60h-0FFFh \
  -preset_vec=01000h,intcode=01008h,intcodelo,powerup,init,end_init \
  -pramtop=0800h -psmallconst=SMALLCONST -pmediumconst=MEDIUMCONST \
  -pconst=CONST -AFARRAM=00h-00h -ACONFIG=0300000h-030000Dh -pconfig=CONFIG \
  -AIDLOC=0200000h-0200007h -pidloc=IDLOC -AEEDATA=0F00000h-0F000FFh \
  -peeprom_data=EEDATA \
  -prdata=COMRAM,nvrram=COMRAM,nvbit=COMRAM,rbss=COMRAM,rbit=COMRAM \
  -pfarbss=FARRAM,fardata=FARRAM,nvFARRAM=FARRAM \
  -pintsave_regs=BIGRAM,bigbss=BIGRAM,bigdata=BIGRAM -pbss=RAM \
  -pidata=CODE,irdata=CODE,ibigdata=CODE,ifardata=CODE \
  C:\Users\Sandro\AppData\Local\Temp\s330.obj \
  dist/default/production\Projeto1XC8.X.production.obj 

Object code version is 3.11

Machine type is 18F4550

Call graph: (short form)




                Name                               Link     Load   Length Selector   Space Scale
C:\Users\Sandro\AppData\Local\Temp\s330.obj
                end_init                           1018     1018        4      804       0
                reset_vec                          1000     1000        4      800       0
                idloc                            200000   200000        8   200000       0
                config                           300000   300000        E   300000       0
dist/default/production\Projeto1XC8.X.production.obj
                intcode                            1008     1008       10      804       0
                mediumconst                        7ED0     7ED0      130     3F68       0
                text33                             638A     638A       1E     31C5       0
                text32                             6B5C     6B5C      106     35AE       0
                text31                             6D68     6D68      130     36B4       0
                text30                             6FC8     6FC8      136     37E4       0
                intcode_body                       7568     7568      2FA     3AB4       0
                text28                             6C62     6C62      106     3631       0
                text27                             63CA     63CA       2C     31E5       0
                text26                             6578     6578       58     32BC       0
                text25                             6352     6352       12     31A9       0
                text24                             63F6     63F6       3A     31FB       0
                text23                             6530     6530       48     3298       0
                text22                             6430     6430       3E     3218       0
                text21                             6E98     6E98      130     374C       0
                text20                             64AC     64AC       42     3256       0
                text19                             70FE     70FE      136     387F       0
                text18                             646E     646E       3E     3237       0
                text17                             66DA     66DA       60     336D       0
                text16                             6680     6680       5A     3340       0
                text15                             63A8     63A8       22     31D4       0
                text14                             6376     6376       14     31BB       0
                text13                             7862     7862      66E     3C31       0
                text12                             68D6     68D6       9C     346B       0
                text11                             6AB6     6AB6       A6     355B       0
                text10                             65D0     65D0       58     32E8       0
                text9                              6364     6364       12     31B2       0
                text8                              6A12     6A12       A4     3509       0
                text7                              684A     684A       8C     3425       0
                text6                              67C0     67C0       8A     33E0       0
                text5                              6342     6342       10     31A1       0
                text4                              7234     7234      188     391A       0
                text3                              6628     6628       58     3314       0
                text2                              673A     673A       86     339D       0
                text1                              6972     6972       A0     34B9       0
                text0                              73BC     73BC      1AC     39DE       0
                cstackCOMRAM                          1        1       22        1       1
                cstackBANK0                          A8       A8       13       60       1
                bssBANK0                             60       60       48       60       1
                dataCOMRAM                           42       42        A        1       1
                bssCOMRAM                            23       23       1F        1       1
                cinit                              64EE     64EE       42     3277       0
                idataCOMRAM                        6338     6338        A     6338       0

TOTAL           Name                               Link     Load   Length     Space
        CLASS   STACK          

        CLASS   CODE           
                end_init                           1018     1018        4         0
                intcode                            1008     1008       10         0
                reset_vec                          1000     1000        4         0
                text33                             638A     638A       1E         0
                text32                             6B5C     6B5C      106         0
                text31                             6D68     6D68      130         0
                text30                             6FC8     6FC8      136         0
                intcode_body                       7568     7568      2FA         0
                text28                             6C62     6C62      106         0
                text27                             63CA     63CA       2C         0
                text26                             6578     6578       58         0
                text25                             6352     6352       12         0
                text24                             63F6     63F6       3A         0
                text23                             6530     6530       48         0
                text22                             6430     6430       3E         0
                text21                             6E98     6E98      130         0
                text20                             64AC     64AC       42         0
                text19                             70FE     70FE      136         0
                text18                             646E     646E       3E         0
                text17                             66DA     66DA       60         0
                text16                             6680     6680       5A         0
                text15                             63A8     63A8       22         0
                text14                             6376     6376       14         0
                text13                             7862     7862      66E         0
                text12                             68D6     68D6       9C         0
                text11                             6AB6     6AB6       A6         0
                text10                             65D0     65D0       58         0
                text9                              6364     6364       12         0
                text8                              6A12     6A12       A4         0
                text7                              684A     684A       8C         0
                text6                              67C0     67C0       8A         0
                text5                              6342     6342       10         0
                text4                              7234     7234      188         0
                text3                              6628     6628       58         0
                text2                              673A     673A       86         0
                text1                              6972     6972       A0         0
                text0                              73BC     73BC      1AC         0
                cinit                              64EE     64EE       42         0
                idataCOMRAM                        6338     6338        A         0

        CLASS   CONST          

        CLASS   SMALLCONST     

        CLASS   MEDIUMCONST    
                mediumconst                        7ED0     7ED0      130         0

        CLASS   COMRAM         
                cstackCOMRAM                          1        1       22         1
                dataCOMRAM                           42       42        A         1
                bssCOMRAM                            23       23       1F         1

        CLASS   ABS1           

        CLASS   BIGRAM         

        CLASS   RAM            

        CLASS   BANK0          
                cstackBANK0                          A8       A8       13         1
                bssBANK0                             60       60       48         1

        CLASS   BANK1          

        CLASS   BANK2          

        CLASS   BANK3          

        CLASS   BANK4          

        CLASS   BANK5          

        CLASS   BANK6          

        CLASS   BANK7          

        CLASS   SFR            

        CLASS   FARRAM         

        CLASS   CONFIG         
                config                           300000   300000        E         0

        CLASS   IDLOC          
                idloc                            200000   200000        8         0

        CLASS   EEDATA         



SEGMENTS        Name                           Load    Length   Top    Selector   Space  Class

                cstackCOMRAM                   000001  00004B  00004C         1       1  COMRAM  
                bssBANK0                       000060  00005B  0000BB        60       1  BANK0   
                reset_vec                      001000  000004  001004       800       0  CODE    
                intcode                        001008  000014  00101C       804       0  CODE    
                idataCOMRAM                    006338  00000A  006342      6338       0  CODE    
                text5                          006342  000010  006352      31A1       0  CODE    
                text25                         006352  000012  006364      31A9       0  CODE    
                text9                          006364  000012  006376      31B2       0  CODE    
                text14                         006376  000014  00638A      31BB       0  CODE    
                text33                         00638A  00001E  0063A8      31C5       0  CODE    
                text15                         0063A8  000022  0063CA      31D4       0  CODE    
                text27                         0063CA  00002C  0063F6      31E5       0  CODE    
                text24                         0063F6  00003A  006430      31FB       0  CODE    
                text22                         006430  00003E  00646E      3218       0  CODE    
                text18                         00646E  00003E  0064AC      3237       0  CODE    
                text20                         0064AC  000042  0064EE      3256       0  CODE    
                cinit                          0064EE  000042  006530      3277       0  CODE    
                text23                         006530  000048  006578      3298       0  CODE    
                text26                         006578  000058  0065D0      32BC       0  CODE    
                text10                         0065D0  000058  006628      32E8       0  CODE    
                text3                          006628  000058  006680      3314       0  CODE    
                text16                         006680  00005A  0066DA      3340       0  CODE    
                text17                         0066DA  000060  00673A      336D       0  CODE    
                text2                          00673A  000086  0067C0      339D       0  CODE    
                text6                          0067C0  00008A  00684A      33E0       0  CODE    
                text7                          00684A  00008C  0068D6      3425       0  CODE    
                text12                         0068D6  00009C  006972      346B       0  CODE    
                text1                          006972  0000A0  006A12      34B9       0  CODE    
                text8                          006A12  0000A4  006AB6      3509       0  CODE    
                text11                         006AB6  0000A6  006B5C      355B       0  CODE    
                text32                         006B5C  000106  006C62      35AE       0  CODE    
                text28                         006C62  000106  006D68      3631       0  CODE    
                text31                         006D68  000130  006E98      36B4       0  CODE    
                text21                         006E98  000130  006FC8      374C       0  CODE    
                text30                         006FC8  000136  0070FE      37E4       0  CODE    
                text19                         0070FE  000136  007234      387F       0  CODE    
                text4                          007234  000188  0073BC      391A       0  CODE    
                text0                          0073BC  0001AC  007568      39DE       0  CODE    
                intcode_body                   007568  0002FA  007862      3AB4       0  CODE    
                text13                         007862  00066E  007ED0      3C31       0  CODE    
                mediumconst                    007ED0  000130  008000      3F68       0  MEDIUMCO
                idloc                          200000  000008  200008    200000       0  IDLOC   
                config                         300000  00000E  30000E    300000       0  CONFIG  


UNUSED ADDRESS RANGES

        Name                Unused          Largest block    Delta
        BANK0            0000BB-0000FF               45
        BANK1            000100-0001FF              100
        BANK2            000200-0002FF              100
        BANK3            000300-0003FF              100
        BANK4            000400-0004FF              100
        BANK5            000500-0005FF              100
        BANK6            000600-0006FF              100
        BANK7            000700-0007FF              100
        BIGRAM           00004C-00005F               14
                         0000BB-0007FF              745
        CODE             001004-001005                2
                         00101C-006337             531C
        COMRAM           00004C-00005F               14
        CONST            001004-001005                2
                         00101C-006337             531C
        EEDATA           F00000-F000FF              100
        FARRAM           000000-000000                1
        MEDIUMCONST      001004-001005                2
                         00101C-006337             531C
        RAM              0000BB-0007FF              100
        SFR              000F60-000FFF               A0
        SMALLCONST       001004-001005                2
                         00101C-006337              100
        STACK            0000BB-0007FF              745

                                  Symbol Table

?___awmod                      cstackCOMRAM 000015
?___lldiv                      cstackCOMRAM 000015
?___lwdiv                      cstackBANK0  0000A8
?___lwmod                      cstackBANK0  0000AF
?___wmul                       cstackCOMRAM 000015
?_le_AD10bits                  cstackCOMRAM 00001F
Delay1KTCYx@unit               cstackCOMRAM 000015
ReadUSART@data                 cstackCOMRAM 000001
_ADCON0                        (abs)        000FC2
_ADCON0bits                    (abs)        000FC2
_ADCON1                        (abs)        000FC1
_ADCON2                        (abs)        000FC0
_ADCON2bits                    (abs)        000FC0
_ADRES                         (abs)        000FC3
_ADRESH                        (abs)        000FC4
_ATC                           text22       006430
_BAUDCON                       (abs)        000FB8
_BAUDCONbits                   (abs)        000FB8
_CCP1CON                       (abs)        000FBD
_CCP2CON                       (abs)        000FBA
_CCPR1L                        (abs)        000FBE
_CCPR2L                        (abs)        000FBB
_Delay1KTCYx                   text25       006352
_EEADR                         (abs)        000FA9
_EECON1                        (abs)        000FA6
_EECON1bits                    (abs)        000FA6
_EECON2                        (abs)        000FA7
_EEDATA                        (abs)        000FA8
_Fe                            dataCOMRAM   000044
_G                             dataCOMRAM   000045
_INTCON2bits                   (abs)        000FF1
_INTCON3bits                   (abs)        000FF0
_INTCONbits                    (abs)        000FF2
_IPR1bits                      (abs)        000F9F
_LATA                          (abs)        000F89
_LATB                          (abs)        000F8A
_LATC                          (abs)        000F8B
_PIE1bits                      (abs)        000F9D
_PIE2bits                      (abs)        000FA0
_PIR1bits                      (abs)        000F9E
_PORTAbits                     (abs)        000F80
_PORTBbits                     (abs)        000F81
_PORTCbits                     (abs)        000F82
_PORTDbits                     (abs)        000F83
_PORTEbits                     (abs)        000F84
_PR2                           (abs)        000FCB
_R                             dataCOMRAM   000042
_RCONbits                      (abs)        000FD0
_RCREG                         (abs)        000FAE
_RCSTA                         (abs)        000FAB
_RCSTAbits                     (abs)        000FAB
_REG                           dataCOMRAM   000046
_REGad                         dataCOMRAM   000047
_ReadUSART                     text33       00638A
_SPBRG                         (abs)        000FAF
_SPBRGH                        (abs)        000FB0
_T0CON                         (abs)        000FD5
_T0CONbits                     (abs)        000FD5
_T1CONbits                     (abs)        000FCD
_T2CON                         (abs)        000FCA
_T2CONbits                     (abs)        000FCA
_T3CONbits                     (abs)        000FB1
_TMR0H                         (abs)        000FD7
_TMR0L                         (abs)        000FD6
_TMR1H                         (abs)        000FCF
_TMR1L                         (abs)        000FCE
_TMR3H                         (abs)        000FB3
_TMR3L                         (abs)        000FB2
_TRISA                         (abs)        000F92
_TRISAbits                     (abs)        000F92
_TRISB                         (abs)        000F93
_TRISBbits                     (abs)        000F93
_TRISC                         (abs)        000F94
_TRISCbits                     (abs)        000F94
_TRISDbits                     (abs)        000F95
_TXREG                         (abs)        000FAD
_TXSTA                         (abs)        000FAC
_TXSTAbits                     (abs)        000FAC
_USART_Status                  bssCOMRAM    000035
_WDTCONbits                    (abs)        000FD1
__HRAM                         (abs)        000000
__Habs1                        abs1         000000
__Hbank0                       bank0        000000
__Hbank1                       bank1        000000
__Hbank2                       bank2        000000
__Hbank3                       bank3        000000
__Hbank4                       bank4        000000
__Hbank5                       bank5        000000
__Hbank6                       bank6        000000
__Hbank7                       bank7        000000
__Hbigbss                      bigbss       000000
__Hbigdata                     bigdata      000000
__Hbigram                      bigram       000000
__Hbss                         bss          000000
__HbssBANK0                    bssBANK0     000000
__HbssCOMRAM                   bssCOMRAM    000000
__Hcinit                       cinit        000000
__Hclrtext                     clrtext      000000
__Hcomram                      comram       000000
__Hconfig                      config       30000E
__Hconst                       const        000000
__HcstackBANK0                 cstackBANK0  000000
__HcstackCOMRAM                cstackCOMRAM 000000
__Hdata                        data         000000
__HdataCOMRAM                  dataCOMRAM   000000
__Heeprom_data                 eeprom_data  000000
__Hend_init                    end_init     00101C
__Hfarbss                      farbss       000000
__Hfardata                     fardata      000000
__Hibigdata                    ibigdata     000000
__Hidata                       idata        000000
__HidataCOMRAM                 idataCOMRAM  000000
__Hidloc                       idloc        200008
__Hifardata                    ifardata     000000
__Hinit                        init         001018
__Hintcode                     intcode      001018
__Hintcode_body                intcode_body 000000
__Hintcodelo                   intcodelo    001018
__Hintentry                    intentry     000000
__Hintret                      intret       000000
__Hintsave_regs                intsave_regs 000000
__Hirdata                      irdata       000000
__Hmediumconst                 mediumconst  008000
__HnvFARRAM                    nvFARRAM     000000
__Hnvbit                       nvbit        000000
__Hnvrram                      nvrram       000000
__Hparam                       rparam       000000
__Hpowerup                     powerup      001018
__Hram                         ram          000000
__Hramtop                      ramtop       000800
__Hrbit                        rbit         000000
__Hrbss                        rbss         000000
__Hrdata                       rdata        000000
__Hreset_vec                   reset_vec    001004
__Hrparam                      rparam       000000
__Hsfr                         sfr          000000
__Hsmallconst                  smallconst   000000
__Hstack                       stack        000000
__Hstruct                      struct       000000
__Htemp                        temp         000000
__Htext                        text         000000
__Htext0                       text0        000000
__Htext1                       text1        000000
__Htext10                      text10       000000
__Htext11                      text11       000000
__Htext12                      text12       000000
__Htext13                      text13       000000
__Htext14                      text14       000000
__Htext15                      text15       000000
__Htext16                      text16       000000
__Htext17                      text17       000000
__Htext18                      text18       000000
__Htext19                      text19       000000
__Htext2                       text2        000000
__Htext20                      text20       000000
__Htext21                      text21       000000
__Htext22                      text22       000000
__Htext23                      text23       000000
__Htext24                      text24       000000
__Htext25                      text25       000000
__Htext26                      text26       000000
__Htext27                      text27       000000
__Htext28                      text28       000000
__Htext3                       text3        000000
__Htext30                      text30       000000
__Htext31                      text31       000000
__Htext32                      text32       000000
__Htext33                      text33       000000
__Htext34                      text34       000000
__Htext4                       text4        000000
__Htext5                       text5        000000
__Htext6                       text6        000000
__Htext7                       text7        000000
__Htext8                       text8        000000
__Htext9                       text9        000000
__LRAM                         (abs)        000001
__Labs1                        abs1         000000
__Lbank0                       bank0        000000
__Lbank1                       bank1        000000
__Lbank2                       bank2        000000
__Lbank3                       bank3        000000
__Lbank4                       bank4        000000
__Lbank5                       bank5        000000
__Lbank6                       bank6        000000
__Lbank7                       bank7        000000
__Lbigbss                      bigbss       000000
__Lbigdata                     bigdata      000000
__Lbigram                      bigram       000000
__Lbss                         bss          000000
__LbssBANK0                    bssBANK0     000000
__LbssCOMRAM                   bssCOMRAM    000000
__Lcinit                       cinit        000000
__Lclrtext                     clrtext      000000
__Lcomram                      comram       000000
__Lconfig                      config       300000
__Lconst                       const        000000
__LcstackBANK0                 cstackBANK0  000000
__LcstackCOMRAM                cstackCOMRAM 000000
__Ldata                        data         000000
__LdataCOMRAM                  dataCOMRAM   000000
__Leeprom_data                 eeprom_data  000000
__Lend_init                    end_init     001018
__Lfarbss                      farbss       000000
__Lfardata                     fardata      000000
__Libigdata                    ibigdata     000000
__Lidata                       idata        000000
__LidataCOMRAM                 idataCOMRAM  000000
__Lidloc                       idloc        200000
__Lifardata                    ifardata     000000
__Linit                        init         001018
__Lintcode                     intcode      001008
__Lintcode_body                intcode_body 000000
__Lintcodelo                   intcodelo    001018
__Lintentry                    intentry     000000
__Lintret                      intret       000000
__Lintsave_regs                intsave_regs 000000
__Lirdata                      irdata       000000
__Lmediumconst                 mediumconst  007ED0
__LnvFARRAM                    nvFARRAM     000000
__Lnvbit                       nvbit        000000
__Lnvrram                      nvrram       000000
__Lparam                       rparam       000000
__Lpowerup                     powerup      001018
__Lram                         ram          000000
__Lramtop                      ramtop       000800
__Lrbit                        rbit         000000
__Lrbss                        rbss         000000
__Lrdata                       rdata        000000
__Lreset_vec                   reset_vec    001000
__Lrparam                      rparam       000000
__Lsfr                         sfr          000000
__Lsmallconst                  smallconst   000000
__Lstack                       stack        000000
__Lstruct                      struct       000000
__Ltemp                        temp         000000
__Ltext                        text         000000
__Ltext0                       text0        000000
__Ltext1                       text1        000000
__Ltext10                      text10       000000
__Ltext11                      text11       000000
__Ltext12                      text12       000000
__Ltext13                      text13       000000
__Ltext14                      text14       000000
__Ltext15                      text15       000000
__Ltext16                      text16       000000
__Ltext17                      text17       000000
__Ltext18                      text18       000000
__Ltext19                      text19       000000
__Ltext2                       text2        000000
__Ltext20                      text20       000000
__Ltext21                      text21       000000
__Ltext22                      text22       000000
__Ltext23                      text23       000000
__Ltext24                      text24       000000
__Ltext25                      text25       000000
__Ltext26                      text26       000000
__Ltext27                      text27       000000
__Ltext28                      text28       000000
__Ltext3                       text3        000000
__Ltext30                      text30       000000
__Ltext31                      text31       000000
__Ltext32                      text32       000000
__Ltext33                      text33       000000
__Ltext34                      text34       000000
__Ltext4                       text4        000000
__Ltext5                       text5        000000
__Ltext6                       text6        000000
__Ltext7                       text7        000000
__Ltext8                       text8        000000
__Ltext9                       text9        000000
__S0                           (abs)        30000E
__S1                           (abs)        0000BB
__S2                           (abs)        000000
___awmod                       text12       0068D6
___awmod@counter               cstackCOMRAM 00001A
___awmod@dividend              cstackCOMRAM 000015
___awmod@divisor               cstackCOMRAM 000017
___awmod@sign                  cstackCOMRAM 00001B
___inthi_sp                    stack        000000
___intlo_sp                    stack        000000
___lldiv                       text2        00673A
___lldiv@counter               cstackCOMRAM 000022
___lldiv@dividend              cstackCOMRAM 000015
___lldiv@divisor               cstackCOMRAM 000019
___lldiv@quotient              cstackCOMRAM 00001E
___lwdiv                       text11       006AB6
___lwdiv@counter               cstackBANK0  0000AC
___lwdiv@dividend              cstackBANK0  0000A8
___lwdiv@divisor               cstackBANK0  0000AA
___lwdiv@quotient              cstackBANK0  0000AD
___lwmod                       text6        0067C0
___lwmod@counter               cstackBANK0  0000B4
___lwmod@dividend              cstackBANK0  0000AF
___lwmod@divisor               cstackBANK0  0000B1
___sp                          stack        000000
___wmul                        text24       0063F6
___wmul@multiplicand           cstackCOMRAM 000017
___wmul@multiplier             cstackCOMRAM 000015
___wmul@product                cstackCOMRAM 000019
__accesstop                    (abs)        000060
__activetblptr                 (abs)        000002
__end_of_ATC                   text22       00646E
__end_of_Delay1KTCYx           text25       006364
__end_of_ReadUSART             text33       0063A8
__end_of___awmod               text12       006972
__end_of___lldiv               text2        0067C0
__end_of___lwdiv               text11       006B5C
__end_of___lwmod               text6        00684A
__end_of___wmul                text24       006430
__end_of__initialization       cinit        006526
__end_of__stringdata           mediumconst  007FFE
__end_of_atc                   mediumconst  007F43
__end_of_bt_ini                text13       007ED0
__end_of_clock_int_48MHz       text10       006628
__end_of_configBR6             text16       0066DA
__end_of_escreve_eeprom        text15       0063CA
__end_of_habilita_canal_AD     text9        006376
__end_of_habilita_interrupcao  text8        006AB6
__end_of_icb                   mediumconst  007F2C
__end_of_icg                   mediumconst  007F35
__end_of_icgs                  mediumconst  007EE5
__end_of_icm                   mediumconst  007F18
__end_of_icms                  mediumconst  007EF8
__end_of_icn                   mediumconst  007F09
__end_of_icp                   mediumconst  007F46
__end_of_icr                   mediumconst  007F3E
__end_of_icrs                  mediumconst  007F23
__end_of_interrupcao           intcode_body 007862
__end_of_inverte_saida         text28       006D68
__end_of_le_AD10bits           text7        0068D6
__end_of_le_eeprom             text14       00638A
__end_of_main                  text0        007568
__end_of_modoAttention         text20       0064EE
__end_of_modoNormal            text17       00673A
__end_of_nivel_alto            text21       006FC8
__end_of_nivel_baixo           text19       007234
__end_of_resetBT               text18       0064AC
__end_of_sendnum               text4        0073BC
__end_of_sendr                 text26       0065D0
__end_of_sendrw                text3        006680
__end_of_sputc                 text27       0063F6
__end_of_swputc                text5        006352
__end_of_taxa_serial           text1        006A12
__end_of_tempo_ms              text23       006578
__end_ofi2_inverte_saida       text32       006C62
__end_ofi2_nivel_alto          text31       006E98
__end_ofi2_nivel_baixo         text30       0070FE
__initialization               cinit        0064EE
__mediumconst                  mediumconst  007ED0
__pbssBANK0                    bssBANK0     000060
__pbssCOMRAM                   bssCOMRAM    000023
__pcinit                       cinit        0064EE
__pcstackBANK0                 cstackBANK0  0000A8
__pcstackCOMRAM                cstackCOMRAM 000001
__pdataCOMRAM                  dataCOMRAM   000042
__pidataCOMRAM                 idataCOMRAM  006338
__pintcode                     intcode      001008
__pintcode_body                intcode_body 007568
__pmediumconst                 mediumconst  007ED0
__ptext0                       text0        0073BC
__ptext1                       text1        006972
__ptext10                      text10       0065D0
__ptext11                      text11       006AB6
__ptext12                      text12       0068D6
__ptext13                      text13       007862
__ptext14                      text14       006376
__ptext15                      text15       0063A8
__ptext16                      text16       006680
__ptext17                      text17       0066DA
__ptext18                      text18       00646E
__ptext19                      text19       0070FE
__ptext2                       text2        00673A
__ptext20                      text20       0064AC
__ptext21                      text21       006E98
__ptext22                      text22       006430
__ptext23                      text23       006530
__ptext24                      text24       0063F6
__ptext25                      text25       006352
__ptext26                      text26       006578
__ptext27                      text27       0063CA
__ptext28                      text28       006C62
__ptext3                       text3        006628
__ptext30                      text30       006FC8
__ptext31                      text31       006D68
__ptext32                      text32       006B5C
__ptext33                      text33       00638A
__ptext34                      text34       000000
__ptext4                       text4        007234
__ptext5                       text5        006342
__ptext6                       text6        0067C0
__ptext7                       text7        00684A
__ptext8                       text8        006A12
__ptext9                       text9        006364
__ramtop                       ramtop       000800
__size_of_ATC                  (abs)        000000
__size_of_Delay1KTCYx          (abs)        000000
__size_of_ReadUSART            (abs)        000000
__size_of___awmod              (abs)        000000
__size_of___lldiv              (abs)        000000
__size_of___lwdiv              (abs)        000000
__size_of___lwmod              (abs)        000000
__size_of___wmul               (abs)        000000
__size_of_bt_ini               (abs)        000000
__size_of_clock_int_48MHz      (abs)        000000
__size_of_configBR6            (abs)        000000
__size_of_escreve_eeprom       (abs)        000000
__size_of_habilita_canal_AD    (abs)        000000
__size_of_habilita_interrupcao (abs)        000000
__size_of_interrupcao          (abs)        000000
__size_of_inverte_saida        (abs)        000000
__size_of_le_AD10bits          (abs)        000000
__size_of_le_eeprom            (abs)        000000
__size_of_main                 (abs)        000000
__size_of_modoAttention        (abs)        000000
__size_of_modoNormal           (abs)        000000
__size_of_nivel_alto           (abs)        000000
__size_of_nivel_baixo          (abs)        000000
__size_of_resetBT              (abs)        000000
__size_of_sendnum              (abs)        000000
__size_of_sendr                (abs)        000000
__size_of_sendrw               (abs)        000000
__size_of_sputc                (abs)        000000
__size_of_swputc               (abs)        000000
__size_of_taxa_serial          (abs)        000000
__size_of_tempo_ms             (abs)        000000
__size_ofi2_inverte_saida      (abs)        000000
__size_ofi2_nivel_alto         (abs)        000000
__size_ofi2_nivel_baixo        (abs)        000000
__smallconst                   smallconst   000000
__stringdata                   mediumconst  007F46
_atc                           mediumconst  007F3E
_bt_ini                        text13       007862
_c                             bssCOMRAM    000023
_c1                            bssCOMRAM    000036
_chegou                        bssCOMRAM    000025
_clock_int_48MHz               text10       0065D0
_comand                        bssBANK0     000060
_comando                       bssBANK0     00007E
_configBR6                     text16       006680
_e                             dataCOMRAM   000048
_endereco                      bssCOMRAM    000037
_envia                         bssCOMRAM    000027
_escreve_eeprom                text15       0063A8
_flag                          bssBANK0     0000A0
_flagNM                        bssBANK0     0000A2
_flagb                         bssCOMRAM    000029
_flagc                         bssCOMRAM    00002B
_flagstart                     bssBANK0     0000A4
_habilita_canal_AD             text9        006364
_habilita_interrupcao          text8        006A12
_i                             bssCOMRAM    00002D
_icb                           mediumconst  007F23
_icg                           mediumconst  007F2C
_icgs                          mediumconst  007ED1
_icm                           mediumconst  007F09
_icms                          mediumconst  007EE5
_icn                           mediumconst  007EF8
_icp                           mediumconst  007F43
_icr                           mediumconst  007F35
_icrs                          mediumconst  007F18
_incrementa                    bssBANK0     00009C
_ind                           bssCOMRAM    000038
_interrupcao                   intcode      001008
_inverte_saida                 text28       006C62
_k                             bssCOMRAM    000039
_le_AD10bits                   text7        00684A
_le_eeprom                     text14       006376
_m                             bssCOMRAM    00003A
_main                          text0        0073BC
_main$2576                     cstackBANK0  0000B9
_modoAttention                 text20       0064AC
_modoNormal                    text17       0066DA
_n                             bssCOMRAM    00003B
_nivel_alto                    text21       006E98
_nivel_baixo                   text19       0070FE
_numquant                      bssCOMRAM    00003C
_po                            dataCOMRAM   000049
_resetBT                       text18       00646E
_rr                            dataCOMRAM   00004A
_ru                            dataCOMRAM   00004B
_sendnum                       text4        007234
_sendr                         text26       006578
_sendrw                        text3        006628
_sputc                         text27       0063CA
_swputc                        text5        006342
_taxa_serial                   text1        006972
_temp                          bssCOMRAM    00003D
_temperatura                   bssCOMRAM    00002F
_tempo_ms                      text23       006530
_time                          bssCOMRAM    000031
_valor                         bssCOMRAM    00003E
_valorbcd                      bssCOMRAM    00003F
_vorbei                        bssBANK0     0000A6
_w                             bssCOMRAM    000033
_y                             bssCOMRAM    000040
_z                             bssCOMRAM    000041
end_of_initialization          cinit        006526
escreve_eeprom@dado            cstackCOMRAM 000015
escreve_eeprom@endereco        cstackCOMRAM 000016
habilita_canal_AD@canal        cstackCOMRAM 000015
habilita_interrupcao@tipo      cstackCOMRAM 000015
i2_inverte_saida               text32       006B5C
i2_nivel_alto                  text31       006D68
i2_nivel_baixo                 text30       006FC8
i2inverte_saida@pino           cstackCOMRAM 000001
i2nivel_alto@pino              cstackCOMRAM 000001
i2nivel_baixo@pino             cstackCOMRAM 000001
int_func                       intcode_body 007568
intlevel0                      text         000000
intlevel1                      text         000000
intlevel2                      text         000000
intlevel3                      text         000000
inverte_saida@pino             cstackCOMRAM 000015
le_AD10bits@conv               cstackCOMRAM 000021
le_eeprom@endereco             cstackCOMRAM 000015
nivel_alto@pino                cstackCOMRAM 000015
nivel_baixo@pino               cstackCOMRAM 000015
sendnum@sannum                 cstackBANK0  0000B5
sendr@st                       cstackCOMRAM 000018
sendrw@st                      cstackCOMRAM 000016
sputc@c                        cstackCOMRAM 000017
stackhi                        (abs)        0007FF
stacklo                        (abs)        0000BB
start                          init         001018
start_initialization           cinit        0064EE
swputc@c                       cstackCOMRAM 000015
taxa_serial@baud_sanusb        cstackBANK0  0000B4
taxa_serial@taxa               cstackBANK0  0000A8
tempo_ms@i                     cstackCOMRAM 00001B
tempo_ms@k                     cstackCOMRAM 00001D


FUNCTION INFORMATION:

 *************** function _main *****************
 Defined at:
		line 71 in file "main.c"
 Parameters:    Size  Location     Type
		None
 Auto vars:     Size  Location     Type
		None
 Return value:  Size  Location     Type
		None               void
 Registers used:
		wreg, status,2, status,0, tblptrl, tblptrh, tblptru, prodl, prodh, cstack
 Tracked objects:
		On entry : 
		On exit  : 
		Unchanged: 
 Data sizes:     COMRAM   BANK0   BANK1   BANK2   BANK3   BANK4   BANK5   BANK6   BANK7
      Params:         0       0       0       0       0       0       0       0       0
      Locals:         0       2       0       0       0       0       0       0       0
      Temps:          0       1       0       0       0       0       0       0       0
      Totals:         0       3       0       0       0       0       0       0       0
Total ram usage:        3 bytes
 Hardware stack levels required when called:    8
 This function calls:
		___lwdiv
		___wmul
		_bt_ini
		_clock_int_48MHz
		_habilita_canal_AD
		_habilita_interrupcao
		_inverte_saida
		_le_AD10bits
		_sendnum
		_sendrw
		_taxa_serial
		_tempo_ms
 This function is called by:
		Startup code after reset
 This function uses a non-reentrant model


 *************** function _taxa_serial *****************
 Defined at:
		line 446 in file "SanUSB48X.h"
 Parameters:    Size  Location     Type
  taxa            4    0[BANK0 ] unsigned long 
 Auto vars:     Size  Location     Type
  baud_sanusb     4   12[BANK0 ] unsigned long 
 Return value:  Size  Location     Type
		None               void
 Registers used:
		wreg, status,2, status,0, cstack
 Tracked objects:
		On entry : 
		On exit  : 
		Unchanged: 
 Data sizes:     COMRAM   BANK0   BANK1   BANK2   BANK3   BANK4   BANK5   BANK6   BANK7
      Params:         0       4       0       0       0       0       0       0       0
      Locals:         0       4       0       0       0       0       0       0       0
      Temps:          0       8       0       0       0       0       0       0       0
      Totals:         0      16       0       0       0       0       0       0       0
Total ram usage:       16 bytes
 Hardware stack levels used:    1
 Hardware stack levels required when called:    3
 This function calls:
		___lldiv
 This function is called by:
		_main
 This function uses a non-reentrant model


 *************** function ___lldiv *****************
 Defined at:
		line 8 in file "C:\Program Files (x86)\Microchip\xc8\v1.31\sources\common\lldiv.c"
 Parameters:    Size  Location     Type
  dividend        4   20[COMRAM] unsigned long 
  divisor         4   24[COMRAM] unsigned long 
 Auto vars:     Size  Location     Type
  quotient        4   29[COMRAM] unsigned long 
  counter         1   33[COMRAM] unsigned char 
 Return value:  Size  Location     Type
                  4   20[COMRAM] unsigned long 
 Registers used:
		wreg, status,2, status,0
 Tracked objects:
		On entry : 
		On exit  : 
		Unchanged: 
 Data sizes:     COMRAM   BANK0   BANK1   BANK2   BANK3   BANK4   BANK5   BANK6   BANK7
      Params:         8       0       0       0       0       0       0       0       0
      Locals:         5       0       0       0       0       0       0       0       0
      Temps:          1       0       0       0       0       0       0       0       0
      Totals:        14       0       0       0       0       0       0       0       0
Total ram usage:       14 bytes
 Hardware stack levels used:    1
 Hardware stack levels required when called:    2
 This function calls:
		Nothing
 This function is called by:
		_taxa_serial
 This function uses a non-reentrant model


 *************** function _sendrw *****************
 Defined at:
		line 478 in file "SanUSB48X.h"
 Parameters:    Size  Location     Type
  st              2   21[COMRAM] PTR unsigned char 
		 -> STR_5(16), STR_4(19), STR_3(19), STR_2(19), 
		 -> STR_1(111), 
 Auto vars:     Size  Location     Type
		None
 Return value:  Size  Location     Type
		None               void
 Registers used:
		wreg, status,2, status,0, tblptrl, tblptrh, tblptru, prodl, prodh, cstack
 Tracked objects:
		On entry : 
		On exit  : 
		Unchanged: 
 Data sizes:     COMRAM   BANK0   BANK1   BANK2   BANK3   BANK4   BANK5   BANK6   BANK7
      Params:         2       0       0       0       0       0       0       0       0
      Locals:         0       0       0       0       0       0       0       0       0
      Temps:          2       0       0       0       0       0       0       0       0
      Totals:         4       0       0       0       0       0       0       0       0
Total ram usage:        4 bytes
 Hardware stack levels used:    1
 Hardware stack levels required when called:    3
 This function calls:
		_swputc
 This function is called by:
		_main
 This function uses a non-reentrant model


 *************** function _sendnum *****************
 Defined at:
		line 493 in file "SanUSB48X.h"
 Parameters:    Size  Location     Type
  sannum          2   13[BANK0 ] unsigned int 
 Auto vars:     Size  Location     Type
		None
 Return value:  Size  Location     Type
		None               void
 Registers used:
		wreg, status,2, status,0, cstack
 Tracked objects:
		On entry : 
		On exit  : 
		Unchanged: 
 Data sizes:     COMRAM   BANK0   BANK1   BANK2   BANK3   BANK4   BANK5   BANK6   BANK7
      Params:         0       2       0       0       0       0       0       0       0
      Locals:         0       0       0       0       0       0       0       0       0
      Temps:          0       0       0       0       0       0       0       0       0
      Totals:         0       2       0       0       0       0       0       0       0
Total ram usage:        2 bytes
 Hardware stack levels used:    1
 Hardware stack levels required when called:    3
 This function calls:
		___lwdiv
		___lwmod
		_swputc
 This function is called by:
		_main
 This function uses a non-reentrant model


 *************** function _swputc *****************
 Defined at:
		line 466 in file "SanUSB48X.h"
 Parameters:    Size  Location     Type
  c               1    wreg     unsigned char 
 Auto vars:     Size  Location     Type
  c               1   20[COMRAM] unsigned char 
 Return value:  Size  Location     Type
		None               void
 Registers used:
		wreg, status,2, status,0
 Tracked objects:
		On entry : 
		On exit  : 
		Unchanged: 
 Data sizes:     COMRAM   BANK0   BANK1   BANK2   BANK3   BANK4   BANK5   BANK6   BANK7
      Params:         0       0       0       0       0       0       0       0       0
      Locals:         1       0       0       0       0       0       0       0       0
      Temps:          0       0       0       0       0       0       0       0       0
      Totals:         1       0       0       0       0       0       0       0       0
Total ram usage:        1 bytes
 Hardware stack levels used:    1
 Hardware stack levels required when called:    2
 This function calls:
		Nothing
 This function is called by:
		_sendrw
		_sendnum
		_sendsw
 This function uses a non-reentrant model


 *************** function ___lwmod *****************
 Defined at:
		line 8 in file "C:\Program Files (x86)\Microchip\xc8\v1.31\sources\common\lwmod.c"
 Parameters:    Size  Location     Type
  dividend        2    7[BANK0 ] unsigned int 
  divisor         2    9[BANK0 ] unsigned int 
 Auto vars:     Size  Location     Type
  counter         1   12[BANK0 ] unsigned char 
 Return value:  Size  Location     Type
                  2    7[BANK0 ] unsigned int 
 Registers used:
		wreg, status,2, status,0
 Tracked objects:
		On entry : 
		On exit  : 
		Unchanged: 
 Data sizes:     COMRAM   BANK0   BANK1   BANK2   BANK3   BANK4   BANK5   BANK6   BANK7
      Params:         0       4       0       0       0       0       0       0       0
      Locals:         0       1       0       0       0       0       0       0       0
      Temps:          0       1       0       0       0       0       0       0       0
      Totals:         0       6       0       0       0       0       0       0       0
Total ram usage:        6 bytes
 Hardware stack levels used:    1
 Hardware stack levels required when called:    2
 This function calls:
		Nothing
 This function is called by:
		_sendnum
 This function uses a non-reentrant model


 *************** function _le_AD10bits *****************
 Defined at:
		line 334 in file "SanUSB48X.h"
 Parameters:    Size  Location     Type
  conv            1    wreg     unsigned char 
 Auto vars:     Size  Location     Type
  conv            1   32[COMRAM] unsigned char 
 Return value:  Size  Location     Type
                  2   30[COMRAM] unsigned int 
 Registers used:
		wreg, status,2, status,0, prodl, prodh, cstack
 Tracked objects:
		On entry : 
		On exit  : 
		Unchanged: 
 Data sizes:     COMRAM   BANK0   BANK1   BANK2   BANK3   BANK4   BANK5   BANK6   BANK7
      Params:         2       0       0       0       0       0       0       0       0
      Locals:         1       0       0       0       0       0       0       0       0
      Temps:          0       0       0       0       0       0       0       0       0
      Totals:         3       0       0       0       0       0       0       0       0
Total ram usage:        3 bytes
 Hardware stack levels used:    1
 Hardware stack levels required when called:    4
 This function calls:
		_tempo_ms
 This function is called by:
		_main
 This function uses a non-reentrant model


 *************** function _habilita_interrupcao *****************
 Defined at:
		line 68 in file "SanUSB48X.h"
 Parameters:    Size  Location     Type
  tipo            2   20[COMRAM] unsigned int 
 Auto vars:     Size  Location     Type
		None
 Return value:  Size  Location     Type
		None               void
 Registers used:
		wreg, status,2, status,0
 Tracked objects:
		On entry : 
		On exit  : 
		Unchanged: 
 Data sizes:     COMRAM   BANK0   BANK1   BANK2   BANK3   BANK4   BANK5   BANK6   BANK7
      Params:         2       0       0       0       0       0       0       0       0
      Locals:         0       0       0       0       0       0       0       0       0
      Temps:          2       0       0       0       0       0       0       0       0
      Totals:         4       0       0       0       0       0       0       0       0
Total ram usage:        4 bytes
 Hardware stack levels used:    1
 Hardware stack levels required when called:    2
 This function calls:
		Nothing
 This function is called by:
		_main
 This function uses a non-reentrant model


 *************** function _habilita_canal_AD *****************
 Defined at:
		line 311 in file "SanUSB48X.h"
 Parameters:    Size  Location     Type
  canal           1    wreg     unsigned char 
 Auto vars:     Size  Location     Type
  canal           1   20[COMRAM] unsigned char 
 Return value:  Size  Location     Type
		None               void
 Registers used:
		wreg, status,2, status,0
 Tracked objects:
		On entry : 
		On exit  : 
		Unchanged: 
 Data sizes:     COMRAM   BANK0   BANK1   BANK2   BANK3   BANK4   BANK5   BANK6   BANK7
      Params:         0       0       0       0       0       0       0       0       0
      Locals:         1       0       0       0       0       0       0       0       0
      Temps:          0       0       0       0       0       0       0       0       0
      Totals:         1       0       0       0       0       0       0       0       0
Total ram usage:        1 bytes
 Hardware stack levels used:    1
 Hardware stack levels required when called:    2
 This function calls:
		Nothing
 This function is called by:
		_main
 This function uses a non-reentrant model


 *************** function _clock_int_48MHz *****************
 Defined at:
		line 435 in file "SanUSB48X.h"
 Parameters:    Size  Location     Type
		None
 Auto vars:     Size  Location     Type
		None
 Return value:  Size  Location     Type
		None               void
 Registers used:
		wreg, status,2, status,0, prodl, cstack
 Tracked objects:
		On entry : 
		On exit  : 
		Unchanged: 
 Data sizes:     COMRAM   BANK0   BANK1   BANK2   BANK3   BANK4   BANK5   BANK6   BANK7
      Params:         0       0       0       0       0       0       0       0       0
      Locals:         0       0       0       0       0       0       0       0       0
      Temps:          0       0       0       0       0       0       0       0       0
      Totals:         0       0       0       0       0       0       0       0       0
Total ram usage:        0 bytes
 Hardware stack levels used:    1
 Hardware stack levels required when called:    3
 This function calls:
		___awmod
		___lwdiv
		_le_eeprom
 This function is called by:
		_main
 This function uses a non-reentrant model


 *************** function ___lwdiv *****************
 Defined at:
		line 8 in file "C:\Program Files (x86)\Microchip\xc8\v1.31\sources\common\lwdiv.c"
 Parameters:    Size  Location     Type
  dividend        2    0[BANK0 ] unsigned int 
  divisor         2    2[BANK0 ] unsigned int 
 Auto vars:     Size  Location     Type
  quotient        2    5[BANK0 ] unsigned int 
  counter         1    4[BANK0 ] unsigned char 
 Return value:  Size  Location     Type
                  2    0[BANK0 ] unsigned int 
 Registers used:
		wreg, status,2, status,0
 Tracked objects:
		On entry : 
		On exit  : 
		Unchanged: 
 Data sizes:     COMRAM   BANK0   BANK1   BANK2   BANK3   BANK4   BANK5   BANK6   BANK7
      Params:         0       4       0       0       0       0       0       0       0
      Locals:         0       3       0       0       0       0       0       0       0
      Temps:          1       0       0       0       0       0       0       0       0
      Totals:         1       7       0       0       0       0       0       0       0
Total ram usage:        8 bytes
 Hardware stack levels used:    1
 Hardware stack levels required when called:    2
 This function calls:
		Nothing
 This function is called by:
		_clock_int_48MHz
		_sendnum
		_main
 This function uses a non-reentrant model


 *************** function ___awmod *****************
 Defined at:
		line 8 in file "C:\Program Files (x86)\Microchip\xc8\v1.31\sources\common\awmod.c"
 Parameters:    Size  Location     Type
  dividend        2   20[COMRAM] int 
  divisor         2   22[COMRAM] int 
 Auto vars:     Size  Location     Type
  sign            1   26[COMRAM] unsigned char 
  counter         1   25[COMRAM] unsigned char 
 Return value:  Size  Location     Type
                  2   20[COMRAM] int 
 Registers used:
		wreg, status,2, status,0, prodl
 Tracked objects:
		On entry : 
		On exit  : 
		Unchanged: 
 Data sizes:     COMRAM   BANK0   BANK1   BANK2   BANK3   BANK4   BANK5   BANK6   BANK7
      Params:         4       0       0       0       0       0       0       0       0
      Locals:         2       0       0       0       0       0       0       0       0
      Temps:          1       0       0       0       0       0       0       0       0
      Totals:         7       0       0       0       0       0       0       0       0
Total ram usage:        7 bytes
 Hardware stack levels used:    1
 Hardware stack levels required when called:    2
 This function calls:
		Nothing
 This function is called by:
		_clock_int_48MHz
 This function uses a non-reentrant model


 *************** function _bt_ini *****************
 Defined at:
		line 80 in file "bt_usb.h"
 Parameters:    Size  Location     Type
		None
 Auto vars:     Size  Location     Type
		None
 Return value:  Size  Location     Type
		None               void
 Registers used:
		wreg, status,2, status,0, tblptrl, tblptrh, tblptru, prodl, prodh, cstack
 Tracked objects:
		On entry : 
		On exit  : 
		Unchanged: 
 Data sizes:     COMRAM   BANK0   BANK1   BANK2   BANK3   BANK4   BANK5   BANK6   BANK7
      Params:         0       0       0       0       0       0       0       0       0
      Locals:         0       0       0       0       0       0       0       0       0
      Temps:          1       0       0       0       0       0       0       0       0
      Totals:         1       0       0       0       0       0       0       0       0
Total ram usage:        1 bytes
 Hardware stack levels used:    1
 Hardware stack levels required when called:    7
 This function calls:
		_configBR6
		_escreve_eeprom
		_inverte_saida
		_le_eeprom
		_sendr
		_sputc
		_tempo_ms
 This function is called by:
		_main
 This function uses a non-reentrant model


 *************** function _le_eeprom *****************
 Defined at:
		line 425 in file "SanUSB48X.h"
 Parameters:    Size  Location     Type
  endereco        1    wreg     unsigned char 
 Auto vars:     Size  Location     Type
  endereco        1   20[COMRAM] unsigned char 
 Return value:  Size  Location     Type
                  1    wreg      unsigned char 
 Registers used:
		wreg, status,2
 Tracked objects:
		On entry : 
		On exit  : 
		Unchanged: 
 Data sizes:     COMRAM   BANK0   BANK1   BANK2   BANK3   BANK4   BANK5   BANK6   BANK7
      Params:         0       0       0       0       0       0       0       0       0
      Locals:         1       0       0       0       0       0       0       0       0
      Temps:          0       0       0       0       0       0       0       0       0
      Totals:         1       0       0       0       0       0       0       0       0
Total ram usage:        1 bytes
 Hardware stack levels used:    1
 Hardware stack levels required when called:    2
 This function calls:
		Nothing
 This function is called by:
		_clock_int_48MHz
		_bt_ini
 This function uses a non-reentrant model


 *************** function _escreve_eeprom *****************
 Defined at:
		line 412 in file "SanUSB48X.h"
 Parameters:    Size  Location     Type
  endereco        1    wreg     unsigned char 
  dado            1   20[COMRAM] unsigned char 
 Auto vars:     Size  Location     Type
  endereco        1   21[COMRAM] unsigned char 
 Return value:  Size  Location     Type
		None               void
 Registers used:
		wreg, status,2
 Tracked objects:
		On entry : 
		On exit  : 
		Unchanged: 
 Data sizes:     COMRAM   BANK0   BANK1   BANK2   BANK3   BANK4   BANK5   BANK6   BANK7
      Params:         1       0       0       0       0       0       0       0       0
      Locals:         1       0       0       0       0       0       0       0       0
      Temps:          0       0       0       0       0       0       0       0       0
      Totals:         2       0       0       0       0       0       0       0       0
Total ram usage:        2 bytes
 Hardware stack levels used:    1
 Hardware stack levels required when called:    2
 This function calls:
		Nothing
 This function is called by:
		_bt_ini
 This function uses a non-reentrant model


 *************** function _configBR6 *****************
 Defined at:
		line 68 in file "bt_usb.h"
 Parameters:    Size  Location     Type
		None
 Auto vars:     Size  Location     Type
		None
 Return value:  Size  Location     Type
		None               void
 Registers used:
		wreg, status,2, status,0, tblptrl, tblptrh, tblptru, prodl, prodh, cstack
 Tracked objects:
		On entry : 
		On exit  : 
		Unchanged: 
 Data sizes:     COMRAM   BANK0   BANK1   BANK2   BANK3   BANK4   BANK5   BANK6   BANK7
      Params:         0       0       0       0       0       0       0       0       0
      Locals:         0       0       0       0       0       0       0       0       0
      Temps:          0       0       0       0       0       0       0       0       0
      Totals:         0       0       0       0       0       0       0       0       0
Total ram usage:        0 bytes
 Hardware stack levels used:    1
 Hardware stack levels required when called:    6
 This function calls:
		_inverte_saida
		_modoAttention
		_modoNormal
		_sendr
		_tempo_ms
 This function is called by:
		_bt_ini
 This function uses a non-reentrant model


 *************** function _modoNormal *****************
 Defined at:
		line 59 in file "bt_usb.h"
 Parameters:    Size  Location     Type
		None
 Auto vars:     Size  Location     Type
		None
 Return value:  Size  Location     Type
		None               void
 Registers used:
		wreg, status,2, status,0, tblptrl, tblptrh, tblptru, prodl, prodh, cstack
 Tracked objects:
		On entry : 
		On exit  : 
		Unchanged: 
 Data sizes:     COMRAM   BANK0   BANK1   BANK2   BANK3   BANK4   BANK5   BANK6   BANK7
      Params:         0       0       0       0       0       0       0       0       0
      Locals:         0       0       0       0       0       0       0       0       0
      Temps:          0       0       0       0       0       0       0       0       0
      Totals:         0       0       0       0       0       0       0       0       0
Total ram usage:        0 bytes
 Hardware stack levels used:    1
 Hardware stack levels required when called:    5
 This function calls:
		_nivel_baixo
		_resetBT
 This function is called by:
		_configBR6
 This function uses a non-reentrant model


 *************** function _resetBT *****************
 Defined at:
		line 40 in file "bt_usb.h"
 Parameters:    Size  Location     Type
		None
 Auto vars:     Size  Location     Type
		None
 Return value:  Size  Location     Type
		None               void
 Registers used:
		wreg, status,2, status,0, tblptrl, tblptrh, tblptru, prodl, prodh, cstack
 Tracked objects:
		On entry : 
		On exit  : 
		Unchanged: 
 Data sizes:     COMRAM   BANK0   BANK1   BANK2   BANK3   BANK4   BANK5   BANK6   BANK7
      Params:         0       0       0       0       0       0       0       0       0
      Locals:         0       0       0       0       0       0       0       0       0
      Temps:          0       0       0       0       0       0       0       0       0
      Totals:         0       0       0       0       0       0       0       0       0
Total ram usage:        0 bytes
 Hardware stack levels used:    1
 Hardware stack levels required when called:    4
 This function calls:
		_inverte_saida
		_sendr
		_tempo_ms
 This function is called by:
		_modoNormal
 This function uses a non-reentrant model


 *************** function _nivel_baixo *****************
 Defined at:
		line 199 in file "SanUSB48X.h"
 Parameters:    Size  Location     Type
  pino            2   20[COMRAM] unsigned int 
 Auto vars:     Size  Location     Type
		None
 Return value:  Size  Location     Type
		None               void
 Registers used:
		wreg, status,2, status,0
 Tracked objects:
		On entry : 
		On exit  : 
		Unchanged: 
 Data sizes:     COMRAM   BANK0   BANK1   BANK2   BANK3   BANK4   BANK5   BANK6   BANK7
      Params:         2       0       0       0       0       0       0       0       0
      Locals:         0       0       0       0       0       0       0       0       0
      Temps:          2       0       0       0       0       0       0       0       0
      Totals:         4       0       0       0       0       0       0       0       0
Total ram usage:        4 bytes
 Hardware stack levels used:    1
 Hardware stack levels required when called:    2
 This function calls:
		Nothing
 This function is called by:
		_modoNormal
 This function uses a non-reentrant model


 *************** function _modoAttention *****************
 Defined at:
		line 47 in file "bt_usb.h"
 Parameters:    Size  Location     Type
		None
 Auto vars:     Size  Location     Type
		None
 Return value:  Size  Location     Type
		None               void
 Registers used:
		wreg, status,2, status,0, tblptrl, tblptrh, tblptru, prodl, prodh, cstack
 Tracked objects:
		On entry : 
		On exit  : 
		Unchanged: 
 Data sizes:     COMRAM   BANK0   BANK1   BANK2   BANK3   BANK4   BANK5   BANK6   BANK7
      Params:         0       0       0       0       0       0       0       0       0
      Locals:         0       0       0       0       0       0       0       0       0
      Temps:          0       0       0       0       0       0       0       0       0
      Totals:         0       0       0       0       0       0       0       0       0
Total ram usage:        0 bytes
 Hardware stack levels used:    1
 Hardware stack levels required when called:    5
 This function calls:
		_ATC
		_nivel_alto
 This function is called by:
		_configBR6
 This function uses a non-reentrant model


 *************** function _nivel_alto *****************
 Defined at:
		line 169 in file "SanUSB48X.h"
 Parameters:    Size  Location     Type
  pino            2   20[COMRAM] unsigned int 
 Auto vars:     Size  Location     Type
		None
 Return value:  Size  Location     Type
		None               void
 Registers used:
		wreg, status,2, status,0
 Tracked objects:
		On entry : 
		On exit  : 
		Unchanged: 
 Data sizes:     COMRAM   BANK0   BANK1   BANK2   BANK3   BANK4   BANK5   BANK6   BANK7
      Params:         2       0       0       0       0       0       0       0       0
      Locals:         0       0       0       0       0       0       0       0       0
      Temps:          2       0       0       0       0       0       0       0       0
      Totals:         4       0       0       0       0       0       0       0       0
Total ram usage:        4 bytes
 Hardware stack levels used:    1
 Hardware stack levels required when called:    2
 This function calls:
		Nothing
 This function is called by:
		_modoAttention
 This function uses a non-reentrant model


 *************** function _ATC *****************
 Defined at:
		line 34 in file "bt_usb.h"
 Parameters:    Size  Location     Type
		None
 Auto vars:     Size  Location     Type
		None
 Return value:  Size  Location     Type
		None               void
 Registers used:
		wreg, status,2, status,0, tblptrl, tblptrh, tblptru, prodl, prodh, cstack
 Tracked objects:
		On entry : 
		On exit  : 
		Unchanged: 
 Data sizes:     COMRAM   BANK0   BANK1   BANK2   BANK3   BANK4   BANK5   BANK6   BANK7
      Params:         0       0       0       0       0       0       0       0       0
      Locals:         0       0       0       0       0       0       0       0       0
      Temps:          0       0       0       0       0       0       0       0       0
      Totals:         0       0       0       0       0       0       0       0       0
Total ram usage:        0 bytes
 Hardware stack levels used:    1
 Hardware stack levels required when called:    4
 This function calls:
		_inverte_saida
		_sendr
		_tempo_ms
 This function is called by:
		_modoAttention
 This function uses a non-reentrant model


 *************** function _tempo_ms *****************
 Defined at:
		line 290 in file "SanUSB48X.h"
 Parameters:    Size  Location     Type
  i               2   26[COMRAM] unsigned int 
 Auto vars:     Size  Location     Type
  k               2   28[COMRAM] unsigned int 
 Return value:  Size  Location     Type
		None               void
 Registers used:
		wreg, status,2, status,0, prodl, prodh, cstack
 Tracked objects:
		On entry : 
		On exit  : 
		Unchanged: 
 Data sizes:     COMRAM   BANK0   BANK1   BANK2   BANK3   BANK4   BANK5   BANK6   BANK7
      Params:         2       0       0       0       0       0       0       0       0
      Locals:         2       0       0       0       0       0       0       0       0
      Temps:          0       0       0       0       0       0       0       0       0
      Totals:         4       0       0       0       0       0       0       0       0
Total ram usage:        4 bytes
 Hardware stack levels used:    1
 Hardware stack levels required when called:    3
 This function calls:
		_Delay1KTCYx
		___wmul
 This function is called by:
		_le_AD10bits
		_ATC
		_resetBT
		_configBR6
		_bt_ini
		_main
		_le_AD8bits
 This function uses a non-reentrant model


 *************** function ___wmul *****************
 Defined at:
		line 3 in file "C:\Program Files (x86)\Microchip\xc8\v1.31\sources\common\wmul.c"
 Parameters:    Size  Location     Type
  multiplier      2   20[COMRAM] unsigned int 
  multiplicand    2   22[COMRAM] unsigned int 
 Auto vars:     Size  Location     Type
  product         2   24[COMRAM] unsigned int 
 Return value:  Size  Location     Type
                  2   20[COMRAM] unsigned int 
 Registers used:
		wreg, status,2, status,0, prodl, prodh
 Tracked objects:
		On entry : 
		On exit  : 
		Unchanged: 
 Data sizes:     COMRAM   BANK0   BANK1   BANK2   BANK3   BANK4   BANK5   BANK6   BANK7
      Params:         4       0       0       0       0       0       0       0       0
      Locals:         2       0       0       0       0       0       0       0       0
      Temps:          0       0       0       0       0       0       0       0       0
      Totals:         6       0       0       0       0       0       0       0       0
Total ram usage:        6 bytes
 Hardware stack levels used:    1
 Hardware stack levels required when called:    2
 This function calls:
		Nothing
 This function is called by:
		_tempo_ms
		_main
		_tempo_us
		_timer0_ms
		_SetaPWM1
		_SetaPWM2
 This function uses a non-reentrant model


 *************** function _Delay1KTCYx *****************
 Defined at:
		line 8 in file "C:\Program Files (x86)\Microchip\xc8\v1.31\sources\pic18\d1ktcyx.c"
 Parameters:    Size  Location     Type
  unit            1    wreg     unsigned char 
 Auto vars:     Size  Location     Type
  unit            1   20[COMRAM] unsigned char 
 Return value:  Size  Location     Type
		None               void
 Registers used:
		wreg
 Tracked objects:
		On entry : 
		On exit  : 
		Unchanged: 
 Data sizes:     COMRAM   BANK0   BANK1   BANK2   BANK3   BANK4   BANK5   BANK6   BANK7
      Params:         0       0       0       0       0       0       0       0       0
      Locals:         1       0       0       0       0       0       0       0       0
      Temps:          0       0       0       0       0       0       0       0       0
      Totals:         1       0       0       0       0       0       0       0       0
Total ram usage:        1 bytes
 Hardware stack levels used:    1
 Hardware stack levels required when called:    2
 This function calls:
		Nothing
 This function is called by:
		_tempo_ms
 This function uses a non-reentrant model


 *************** function _sendr *****************
 Defined at:
		line 482 in file "SanUSB48X.h"
 Parameters:    Size  Location     Type
  st              2   23[COMRAM] PTR unsigned char 
		 -> icm(15), icg(9), icr(9), icn(17), 
		 -> icb(9), icp(3), icms(19), icgs(20), 
		 -> icrs(11), atc(5), 
 Auto vars:     Size  Location     Type
		None
 Return value:  Size  Location     Type
		None               void
 Registers used:
		wreg, status,2, status,0, tblptrl, tblptrh, tblptru, prodl, prodh, cstack
 Tracked objects:
		On entry : 
		On exit  : 
		Unchanged: 
 Data sizes:     COMRAM   BANK0   BANK1   BANK2   BANK3   BANK4   BANK5   BANK6   BANK7
      Params:         2       0       0       0       0       0       0       0       0
      Locals:         0       0       0       0       0       0       0       0       0
      Temps:          2       0       0       0       0       0       0       0       0
      Totals:         4       0       0       0       0       0       0       0       0
Total ram usage:        4 bytes
 Hardware stack levels used:    1
 Hardware stack levels required when called:    3
 This function calls:
		_sputc
 This function is called by:
		_ATC
		_resetBT
		_configBR6
		_bt_ini
 This function uses a non-reentrant model


 *************** function _sputc *****************
 Defined at:
		line 471 in file "SanUSB48X.h"
 Parameters:    Size  Location     Type
  c               1    wreg     unsigned char 
 Auto vars:     Size  Location     Type
  c               1   22[COMRAM] unsigned char 
 Return value:  Size  Location     Type
		None               void
 Registers used:
		wreg, status,2, status,0
 Tracked objects:
		On entry : 
		On exit  : 
		Unchanged: 
 Data sizes:     COMRAM   BANK0   BANK1   BANK2   BANK3   BANK4   BANK5   BANK6   BANK7
      Params:         0       0       0       0       0       0       0       0       0
      Locals:         1       0       0       0       0       0       0       0       0
      Temps:          2       0       0       0       0       0       0       0       0
      Totals:         3       0       0       0       0       0       0       0       0
Total ram usage:        3 bytes
 Hardware stack levels used:    1
 Hardware stack levels required when called:    2
 This function calls:
		Nothing
 This function is called by:
		_sendr
		_bt_ini
		_sends
 This function uses a non-reentrant model


 *************** function _inverte_saida *****************
 Defined at:
		line 228 in file "SanUSB48X.h"
 Parameters:    Size  Location     Type
  pino            2   20[COMRAM] unsigned int 
 Auto vars:     Size  Location     Type
		None
 Return value:  Size  Location     Type
		None               void
 Registers used:
		wreg, status,2, status,0
 Tracked objects:
		On entry : 
		On exit  : 
		Unchanged: 
 Data sizes:     COMRAM   BANK0   BANK1   BANK2   BANK3   BANK4   BANK5   BANK6   BANK7
      Params:         2       0       0       0       0       0       0       0       0
      Locals:         0       0       0       0       0       0       0       0       0
      Temps:          2       0       0       0       0       0       0       0       0
      Totals:         4       0       0       0       0       0       0       0       0
Total ram usage:        4 bytes
 Hardware stack levels used:    1
 Hardware stack levels required when called:    2
 This function calls:
		Nothing
 This function is called by:
		_ATC
		_resetBT
		_configBR6
		_bt_ini
		_main
 This function uses a non-reentrant model


 *************** function _interrupcao *****************
 Defined at:
		line 26 in file "main.c"
 Parameters:    Size  Location     Type
		None
 Auto vars:     Size  Location     Type
		None
 Return value:  Size  Location     Type
		None               void
 Registers used:
		wreg, fsr2l, fsr2h, status,2, status,0, prodl, prodh, cstack
 Tracked objects:
		On entry : 
		On exit  : 
		Unchanged: 
 Data sizes:     COMRAM   BANK0   BANK1   BANK2   BANK3   BANK4   BANK5   BANK6   BANK7
      Params:         0       0       0       0       0       0       0       0       0
      Locals:         0       0       0       0       0       0       0       0       0
      Temps:         16       0       0       0       0       0       0       0       0
      Totals:        16       0       0       0       0       0       0       0       0
Total ram usage:       16 bytes
 Hardware stack levels used:    1
 Hardware stack levels required when called:    1
 This function calls:
		_ReadUSART
		i2_inverte_saida
		i2_nivel_alto
		i2_nivel_baixo
 This function is called by:
		Interrupt level 2
 This function uses a non-reentrant model


 *************** function i2_nivel_baixo *****************
 Defined at:
		line 199 in file "SanUSB48X.h"
 Parameters:    Size  Location     Type
  pino            2    0[COMRAM] unsigned int 
 Auto vars:     Size  Location     Type
		None
 Return value:  Size  Location     Type
		None               void
 Registers used:
		wreg, status,2, status,0
 Tracked objects:
		On entry : 
		On exit  : 
		Unchanged: 
 Data sizes:     COMRAM   BANK0   BANK1   BANK2   BANK3   BANK4   BANK5   BANK6   BANK7
      Params:         2       0       0       0       0       0       0       0       0
      Locals:         0       0       0       0       0       0       0       0       0
      Temps:          2       0       0       0       0       0       0       0       0
      Totals:         4       0       0       0       0       0       0       0       0
Total ram usage:        4 bytes
 Hardware stack levels used:    1
 This function calls:
		Nothing
 This function is called by:
		_interrupcao
 This function uses a non-reentrant model


 *************** function i2_nivel_alto *****************
 Defined at:
		line 169 in file "SanUSB48X.h"
 Parameters:    Size  Location     Type
  pino            2    0[COMRAM] unsigned int 
 Auto vars:     Size  Location     Type
		None
 Return value:  Size  Location     Type
		None               void
 Registers used:
		wreg, status,2, status,0
 Tracked objects:
		On entry : 
		On exit  : 
		Unchanged: 
 Data sizes:     COMRAM   BANK0   BANK1   BANK2   BANK3   BANK4   BANK5   BANK6   BANK7
      Params:         2       0       0       0       0       0       0       0       0
      Locals:         0       0       0       0       0       0       0       0       0
      Temps:          2       0       0       0       0       0       0       0       0
      Totals:         4       0       0       0       0       0       0       0       0
Total ram usage:        4 bytes
 Hardware stack levels used:    1
 This function calls:
		Nothing
 This function is called by:
		_interrupcao
 This function uses a non-reentrant model


 *************** function i2_inverte_saida *****************
 Defined at:
		line 228 in file "SanUSB48X.h"
 Parameters:    Size  Location     Type
  pino            2    0[COMRAM] unsigned int 
 Auto vars:     Size  Location     Type
		None
 Return value:  Size  Location     Type
		None               void
 Registers used:
		wreg, status,2, status,0
 Tracked objects:
		On entry : 
		On exit  : 
		Unchanged: 
 Data sizes:     COMRAM   BANK0   BANK1   BANK2   BANK3   BANK4   BANK5   BANK6   BANK7
      Params:         2       0       0       0       0       0       0       0       0
      Locals:         0       0       0       0       0       0       0       0       0
      Temps:          2       0       0       0       0       0       0       0       0
      Totals:         4       0       0       0       0       0       0       0       0
Total ram usage:        4 bytes
 Hardware stack levels used:    1
 This function calls:
		Nothing
 This function is called by:
		_interrupcao
 This function uses a non-reentrant model


 *************** function _ReadUSART *****************
 Defined at:
		line 15 in file "C:\Program Files (x86)\Microchip\xc8\v1.31\sources\pic18\plib\USART\uread.c"
 Parameters:    Size  Location     Type
		None
 Auto vars:     Size  Location     Type
  data            1    0[COMRAM] unsigned char 
 Return value:  Size  Location     Type
                  1    wreg      unsigned char 
 Registers used:
		wreg, status,2, status,0
 Tracked objects:
		On entry : 
		On exit  : 
		Unchanged: 
 Data sizes:     COMRAM   BANK0   BANK1   BANK2   BANK3   BANK4   BANK5   BANK6   BANK7
      Params:         0       0       0       0       0       0       0       0       0
      Locals:         1       0       0       0       0       0       0       0       0
      Temps:          0       0       0       0       0       0       0       0       0
      Totals:         1       0       0       0       0       0       0       0       0
Total ram usage:        1 bytes
 Hardware stack levels used:    1
 This function calls:
		Nothing
 This function is called by:
		_interrupcao
 This function uses a non-reentrant model



MODULE INFORMATION

Module		Function		Class		Link	Load	Size
C:\Program Files (x86)\Microchip\xc8\v1.31\sources\common\lwmod.c
		___lwmod       		CODE           	67C0	0000	138

C:\Program Files (x86)\Microchip\xc8\v1.31\sources\common\lwmod.c estimated size: 138

SanUSB48X.h
		_nivel_alto    		CODE           	6E98	0000	304
		_habilita_inter		CODE           	6A12	0000	164
		_taxa_serial   		CODE           	6972	0000	160
		_sendrw        		CODE           	6628	0000	88
		_sendr         		CODE           	6578	0000	88
		_escreve_eeprom		CODE           	63A8	0000	34
		_inverte_saida 		CODE           	6C62	0000	262
		_le_eeprom     		CODE           	6376	0000	20
		_tempo_ms      		CODE           	6530	0000	72
		_clock_int_48MH		CODE           	65D0	0000	88
		_habilita_canal		CODE           	6364	0000	18
		_le_AD10bits   		CODE           	684A	0000	140
		_sputc         		CODE           	63CA	0000	44
		_swputc        		CODE           	6342	0000	16
		_sendnum       		CODE           	7234	0000	392
		_nivel_baixo   		CODE           	70FE	0000	310

SanUSB48X.h estimated size: 2200

C:\Program Files (x86)\Microchip\xc8\v1.31\sources\common\lwdiv.c
		___lwdiv       		CODE           	6AB6	0000	166

C:\Program Files (x86)\Microchip\xc8\v1.31\sources\common\lwdiv.c estimated size: 166

C:\Program Files (x86)\Microchip\xc8\v1.31\sources\common\wmul.c
		___wmul        		CODE           	63F6	0000	58

C:\Program Files (x86)\Microchip\xc8\v1.31\sources\common\wmul.c estimated size: 58

shared
		_icm           		MEDIUMCONST    	7F09	0000	15
		_icn           		MEDIUMCONST    	7EF8	0000	17
		_icrs          		MEDIUMCONST    	7F18	0000	11
		_icp           		MEDIUMCONST    	7F43	0000	3
		__stringdata   		MEDIUMCONST    	7F46	0000	184
		_icr           		MEDIUMCONST    	7F35	0000	9
		__initializatio		CODE           	64EE	0000	56
		_icb           		MEDIUMCONST    	7F23	0000	9
		_icgs          		MEDIUMCONST    	7ED1	0000	20
		i2_inverte_said		CODE           	6B5C	0000	262
		_icg           		MEDIUMCONST    	7F2C	0000	9
		_atc           		MEDIUMCONST    	7F3E	0000	5
		i2_nivel_alto  		CODE           	6D68	0000	304
		_icms          		MEDIUMCONST    	7EE5	0000	19
		i2_nivel_baixo 		CODE           	6FC8	0000	310

shared estimated size: 1233

C:\Program Files (x86)\Microchip\xc8\v1.31\sources\pic18\plib\USART\uread.c
		_ReadUSART     		CODE           	638A	0000	30

C:\Program Files (x86)\Microchip\xc8\v1.31\sources\pic18\plib\USART\uread.c estimated size: 30

main.c
		_main          		CODE           	73BC	0000	428
		_interrupcao   		CODE           	1008	0000	26714

main.c estimated size: 27142

bt_usb.h
		_ATC           		CODE           	6430	0000	62
		_modoAttention 		CODE           	64AC	0000	66
		_modoNormal    		CODE           	66DA	0000	96
		_resetBT       		CODE           	646E	0000	62
		_bt_ini        		CODE           	7862	0000	1646
		_configBR6     		CODE           	6680	0000	90

bt_usb.h estimated size: 2022

C:\Program Files (x86)\Microchip\xc8\v1.31\sources\common\lldiv.c
		___lldiv       		CODE           	673A	0000	134

C:\Program Files (x86)\Microchip\xc8\v1.31\sources\common\lldiv.c estimated size: 134

C:\Program Files (x86)\Microchip\xc8\v1.31\sources\pic18\d1ktcyx.c
		_Delay1KTCYx   		CODE           	6352	0000	18

C:\Program Files (x86)\Microchip\xc8\v1.31\sources\pic18\d1ktcyx.c estimated size: 18

C:\Program Files (x86)\Microchip\xc8\v1.31\sources\common\awmod.c
		___awmod       		CODE           	68D6	0000	156

C:\Program Files (x86)\Microchip\xc8\v1.31\sources\common\awmod.c estimated size: 156

